// Jest Snapshot v1, https://goo.gl/fbAQLP

exports[`Content renders snapshot 1`] = `
<main
  class="w-full h-full"
>
  <transition-stub>
    <!---->
  </transition-stub>
</main>
`;
