// Jest Snapshot v1, https://goo.gl/fbAQLP

exports[`Offer renders snapshot 1`] = `
<div
  class="flex flex-col
         w-full pt-4"
>
  <div
    class="flex items-baseline w-full"
  >
    <span
      class="flex-grow text-xl"
    >
      Gyros
    </span>
     
    <span
      class="text-lg font-light pl-2"
    >
      â‚¬
    </span>
     
    <span
      class="text-xl pl-2"
    >
      3,50
    </span>
  </div>
   
  <span
    class="hidden sm:block
             pl-1 text-gray-900 font-light"
  >
    
    mit Pommes
  
  </span>
   
  <div
    class="hidden sm:flex pt-1"
  >
    <badge-stub
      label="Tagesgericht"
    />
    <badge-stub
      label="lecker"
    />
  </div>
</div>
`;
