// Jest Snapshot v1, https://goo.gl/fbAQLP

exports[`Content renders snapshot 1`] = `
<main
  class="w-full"
>
  <transition-stub
    mode="out-in"
    name="fade"
  >
    <router-view-stub
      name="default"
    />
  </transition-stub>
</main>
`;
