// Jest Snapshot v1, https://goo.gl/fbAQLP

exports[`Header renders snapshot 1`] = `
<div
  class="flex flex-wrap justify-between items-center
         px-4 py-4"
>
  <dayselector-stub
    class="w-full sm:max-w-sm"
  />
   
  <nav
    aria-label="Main"
    class="flex justify-center
           w-full sm:w-auto
           order-first sm:order-last
           px-4 pb-4 sm:pb-0"
  >
    <router-link-stub
      event="click"
      exact="true"
      tag="a"
      to="/"
    />
     
    <router-link-stub
      event="click"
      tag="a"
      to="/settings"
    />
     
    <router-link-stub
      event="click"
      tag="a"
      to="/about"
    />
  </nav>
</div>
`;
