// Jest Snapshot v1, https://goo.gl/fbAQLP

exports[`LocationSelector renders snapshot 1`] = `
<div>
  TODO
</div>
`;
