// Jest Snapshot v1, https://goo.gl/fbAQLP

exports[`ContentError renders snapshot 1`] = `
<h1>
  Error
</h1>
`;
