// Jest Snapshot v1, https://goo.gl/fbAQLP

exports[`About renders snapshot 1`] = `
<div
  class="about"
>
  <h1>
    About
  </h1>
   
  <address>
    <a
      href="https://github.com/data-experts/Lunchbox"
    >
      Github
    </a>
  </address>
</div>
`;
