// Jest Snapshot v1, https://goo.gl/fbAQLP

exports[`LayoutView renders snapshot 1`] = `
<div
  class="layout-view h-full w-full font-sans antialiased"
>
  <header-stub />
   
  <content-stub />
</div>
`;
