// Jest Snapshot v1, https://goo.gl/fbAQLP

exports[`Layout renders snapshot 1`] = `
<div
  class="h-full w-full max-w-4md font-sans antialiased relative"
>
  <header-stub />
   
  <content-stub />
</div>
`;
