// Jest Snapshot v1, https://goo.gl/fbAQLP

exports[`Settings renders snapshot 1`] = `
<div
  class="settings"
>
  <h1>
    Settings
  </h1>
</div>
`;
